// Jest Snapshot v1, https://goo.gl/fbAQLP

exports[`Test Analytics page Render the page correctly 1`] = `
<BrowserRouter>
  <Router
    history={
      Object {
        "action": "POP",
        "block": [Function],
        "createHref": [Function],
        "go": [Function],
        "goBack": [Function],
        "goForward": [Function],
        "length": 1,
        "listen": [Function],
        "location": Object {
          "hash": "",
          "pathname": "/",
          "search": "",
          "state": undefined,
        },
        "push": [Function],
        "replace": [Function],
      }
    }
  >
    <Page>
      <div
        className="error"
      >
        <img
          alt="logo"
          src="/pic/lifee.png"
        />
        <h1>
          404
        </h1>
        <h2>
          Oooooups this page doesn't exist !
        </h2>
      </div>
    </Page>
  </Router>
</BrowserRouter>
`;
